[98.js.org/index.html]
[backblue.gif]
[fade.gif]
[index.html]
[98.js.org/layout.css]
[98.js.org/lib/os-gui/layout.css]
[98.js.org/lib/os-gui/windows-98.css]
[98.js.org/lib/clippy.js/build/clippy.css]
[98.js.org/classic.css]
[98.js.org/apple-touch-iconb0f6.png]
[98.js.org/favicon-32x32b0f6.png]
[98.js.org/favicon-16x16b0f6.png]
[98.js.org/siteb0f6.webmanifest]
[98.js.org/safari-pinned-tabb0f6.svg]
[98.js.org/faviconb0f6.ico]
[98.js.org/98.js]
[98.js.org/filesystem-index.json]
[98.js.org/desktop/CREDITS.txt]
[98.js.org/programs/notepad/index.html]
[98.js.org/images/clouds.jpg]
[98.js.org/images/start.png]
[98.js.org/images/icons/task-scheduler-16x16.png]
[98.js.org/images/icons/audio-okay-16x16.png]
[98.js.org/lib/jquery.min.js]
[98.js.org/lib/browserfs.js]
[98.js.org/lib/clippy.js/build/clippy.js]
[98.js.org/lib/konami.js]
[98.js.org/lib/os-gui/parse-theme.js]
[98.js.org/lib/os-gui/MenuBar.js]
[98.js.org/lib/os-gui/$Window.js]
[98.js.org/src/msgbox.js]
[98.js.org/src/3d-fun.js]
[98.js.org/src/helpers.js]
[98.js.org/src/filesystem-setup.js]
[98.js.org/src/iframe-windows.js]
[98.js.org/src/Task.js]
[98.js.org/src/$taskbar-time.js]
[98.js.org/src/$start-menu.js]
[98.js.org/src/FolderView.js]
[98.js.org/src/FolderViewItem.js]
[98.js.org/src/$desktop.js]
[98.js.org/src/window-switcher.js]
[98.js.org/src/visualizer-overlay.js]
[98.js.org/index.html]
[98.js.org/src/programs.js]
[98.js.org/images/help-viewer-toolbar-icons-grayscale.png]
[98.js.org/images/help-viewer-toolbar-icons.png]
[98.js.org/layout.css]
[98.js.org/lib/os-gui/layout.css]
[98.js.org/lib/os-gui/windows-98.css]
[98.js.org/lib/clippy.js/build/clippy.css]
[98.js.org/images/start-menu-side-98-js-alt.png]
[98.js.org/images/icons/shortcut-32x32.png]
[98.js.org/images/help-icons.png]
[98.js.org/classic.css]
[98.js.org/safari-pinned-tabb0f6.svg]
[98.js.org/98.html]
[98.js.org/font/fixedsys-excelsior/fsex300.css]
[98.js.org/images/icons/notepad-16x16.png]
[98.js.org/images/icons/notepad-32x32.png]
[98.js.org/images/icons/notepad-48x48.png]
[98.js.org/programs/notepad/lib/moment.js]
[98.js.org/programs/notepad/lib/FileSaver.js]
[98.js.org/programs/notepad/src/app.js]
[98.js.org/programs/notepad/src/menus.js]
[98.js.org/programs/notepad/index.html]
[98.js.org/font/fixedsys-excelsior/fsex300-webfont.eot]
[98.js.org/font/fixedsys-excelsior/fsex300-webfontd41d.eot]
[98.js.org/font/fixedsys-excelsior/fsex300-webfont.woff]
[98.js.org/font/fixedsys-excelsior/fsex300-webfont.ttf]
[98.js.org/font/fixedsys-excelsior/fsex300-webfont.svg]
[98.js.org/font/fixedsys-excelsior/fsex300.css]
[98.js.org/images/icons/notepad-48x48.html]
[98.js.org/font/fixedsys-excelsior/fsex300-webfont.svg]
